main.c:145:5:main	8	static
main.c:225:6:SystemClock_Config	80	static
main.c:263:6:ADC_DRDY_InputHandler	8	static
main.c:270:10:ADCinit	8	static
main.c:317:6:ADCregwrite	24	static
main.c:327:9:ADCregread	32	static
main.c:336:6:ADCstart	8	static
main.c:348:9:ADCwriteRegs	72	dynamic
main.c:391:9:ADCreadRegs	32	static
main.c:422:6:ADCsendCommand	24	static
main.c:440:10:ADRreadInput	32	static
main.c:492:9:setADCsigleChannel	16	static
main.c:515:10:readsingleADCChannel	16	static
main.c:535:7:read_temperature	40	static
main.c:577:7:calc_R_temperature	40	static
main.c:591:7:calctemperature	32	static
main.c:619:7:calcAnalogvoltage	24	static
main.c:631:6:Error_Handler	8	static
